// Jest Snapshot v1, https://goo.gl/fbAQLP

exports[`renders without crashing 1`] = `
<div
  className="fallback"
>
  <h1
    className="header"
  >
    I'm sorry. I'm busy learning how to multiply. Please come back later.
  </h1>
</div>
`;
